C:\Users\Ben\OneDrive\School\2018 Winter\Projects\repos\Golden\Library\bin\Debug\netstandard2.0\Library.deps.json
C:\Users\Ben\OneDrive\School\2018 Winter\Projects\repos\Golden\Library\bin\Debug\netstandard2.0\Library.dll
C:\Users\Ben\OneDrive\School\2018 Winter\Projects\repos\Golden\Library\obj\Debug\netstandard2.0\Library.csprojAssemblyReference.cache
C:\Users\Ben\OneDrive\School\2018 Winter\Projects\repos\Golden\Library\obj\Debug\netstandard2.0\Library.csproj.CoreCompileInputs.cache
C:\Users\Ben\OneDrive\School\2018 Winter\Projects\repos\Golden\Library\obj\Debug\netstandard2.0\Library.AssemblyInfoInputs.cache
C:\Users\Ben\OneDrive\School\2018 Winter\Projects\repos\Golden\Library\obj\Debug\netstandard2.0\Library.AssemblyInfo.cs
C:\Users\Ben\OneDrive\School\2018 Winter\Projects\repos\Golden\Library\bin\Debug\netstandard2.0\Library.pdb
C:\Users\Ben\OneDrive\School\2018 Winter\Projects\repos\Golden\Library\obj\Debug\netstandard2.0\Library.dll
C:\Users\Ben\OneDrive\School\2018 Winter\Projects\repos\Golden\Library\obj\Debug\netstandard2.0\Library.pdb
